[nike747459.wixsite.com/mydiary.html]
[static.parastorage.com/unpkg/core-js-bundle@3.2.1/minified.js]
[static.parastorage.com/unpkg/focus-within-polyfill@5.0.9/dist/focus-within-polyfill.js]
[polyfill.io/v3/polyfill.mind82c.js]
[nike747459.wixsite.com/mydiary/decodeURIComponent(e]
[nike747459.wixsite.com/mydiary/_api/santa-members-server]
[backblue.gif]
[fade.gif]
[index.html]
[static.parastorage.com/services/santa-resources/resources/viewer/editorUI/fonts.v10.png]
[nike747459.wixsite.com/mydiary/_api/v2/dynamicmodel.json]
[static.parastorage.com/services/communities-blog-viewer-app/1.883.0/next/feed-page-viewer.bundle.min.js]
[nike747459.wixsite.com/index.html]
[static.parastorage.com/services/communities-blog-viewer-app/1.883.0/next/archive-widget-viewer.bundle.min.js]
[static.parastorage.com/services/communities-blog-viewer-app/1.883.0/next/post-page-viewer.bundle.min.js]
[static.parastorage.com/services/communities-blog-viewer-app/1.883.0/next/post-list-widget-viewer.bundle.min.js]
[static.parastorage.com/services/communities-blog-viewer-app/1.883.0/next/category-menu-widget-viewer.bundle.min.js]
[static.parastorage.com/services/communities-blog-viewer-app/1.883.0/next/tag-cloud-widget-viewer.bundle.min.js]
[static.parastorage.com/services/pro-gallery-santa-wrapper/1.1267.0/blueprintsViewer.bundle.min.js]
[static.parastorage.com/services/bookings-widget/1.1871.0/widgetComponent.bundle.min.js]
[static.parastorage.com/services/bookings-service-details-widget/1.174.0/BookingServicePageViewerWidget.bundle.min.js]
[static.parastorage.com/services/bookings-widget-viewer/1.794.0/component.bundle.min.js]
[static.parastorage.com/services/bookings-widget/1.1871.0/mainPageComponent.bundle.min.js]
[static.parastorage.com/services/communities-blog-editor-app/1.757.0/editor-app.bundle.min.js]
[static.parastorage.com/services/chat-worker/1.430.0/viewer-script.bundle.min.js]
[static.parastorage.com/services/bookings-viewer-script/1.889.0/bookingsEditorScriptMigrationProposal.bundle.min.js]
[static.parastorage.com/services/santa-members-editor-app/1.857.0/editorAppModule.bundle.min.js]
[static.parastorage.com/services/santa-members-viewer-app/1.524.0/app.bundle.min.js]
[static.parastorage.com/services/wix-thunderbolt/dist/clientWorker.d4d9b0cb.bundle.min.js]
[static.parastorage.com/services/wix-form-builder/1.3446.0/editor-app.bundle.min.js]
[static.parastorage.com/services/wix-form-builder/1.3446.0/viewer-app.bundle.min.js]
[static.parastorage.com/services/communities-blog-viewer-app/1.883.0/next/viewer-script.bundle.min.js]
[static.parastorage.com/services/pro-gallery-santa-wrapper/1.1267.0/blueprintsViewerScript.bundle.min.js]
[static.parastorage.com/services/bookings-viewer-script/1.889.0/bookingsViewerScript.bundle.min.js]
[static.parastorage.com/services/bookings-service-details-widget/1.174.0/BookingServicePageController.bundle.min.js]
[static.parastorage.com/services/dbsm-viewer-app/1.1220.0/app.js]
[static.parastorage.com/services/wix-code-viewer-app/1.614.0/app.js]
[static.parastorage.com/services/editor-elements/1.2419.0/componentSSRSdks.bundle.js]
[static.parastorage.com/services/editor-elements/dist/componentSdks.cbc83796.bundle.min.js]
[nike747459.wixsite.com/mydiary/robots.txt]
[nike747459.wixsite.com/mydiary/wix-thunderbolt/dist/index.html]
[nike747459.wixsite.com/mydiary/sitemap.xml]
[nike747459.wixsite.com/mydiary/feed.xml]
[static.parastorage.com/services/editor-elements/dist/siteAssets.1a273c50.chunk.min.js]
[static.parastorage.com/services/editor-elements/dist/webpack-runtime.94f770e3.bundle.min.js]
[nike747459.wixsite.com/mydiary/$&/index.html]
[static.parastorage.com/services/wix-thunderbolt/dist/bootstrap-features.a7927ad0.chunk.min.js]
[static.parastorage.com/services/wix-thunderbolt/dist/main.e12a0f16.chunk.min.js]
[nike747459.wixsite.com/_partials/index.html]
[static.parastorage.com/unpkg/lodash@4.17.15/lodash.min.js]
[static.parastorage.com/services/wix-thunderbolt/dist/dynamicPages.86084694.chunk.min.js]
[static.parastorage.com/services/wix-thunderbolt/dist/wix-code-sdk-providers.88cb2c57.chunk.min.js]
[static.parastorage.com/services/wix-thunderbolt/dist/protectedPages.bba4be19.chunk.min.js]
[static.parastorage.com/services/wix-thunderbolt/dist/siteMembers.50288088.chunk.min.js]
[static.parastorage.com/services/wix-thunderbolt/dist/siteScrollBlocker.c656faf0.chunk.min.js]
[static.parastorage.com/services/wix-thunderbolt/dist/tpaCommons.b0f08db8.chunk.min.js]
[static.parastorage.com/services/wix-thunderbolt/dist/tpaWorkerFeature.19c7fe10.chunk.min.js]
[static.parastorage.com/services/wix-thunderbolt/dist/windowMessageRegistrar.16d14444.chunk.min.js]
[static.parastorage.com/services/wix-thunderbolt/dist/platform.92b2fa7e.chunk.min.js]
[static.parastorage.com/services/wix-thunderbolt/dist/vendors_vendor-react-dom.e8a04e7c.chunk.min.js]
[static.parastorage.com/services/wix-thunderbolt/dist/vendor-react-dom.7074a97d.chunk.min.js]
[browser.sentry-cdn.com/5.21.4/bundle.min.js]
[static.parastorage.com/services/tag-manager-client/1.126.0/siteTags.bundle.min.js]
[static.parastorage.com/services/editor-elements/dist/thunderboltElements.8e4a5754.bundle.min.js]
[static.parastorage.com/services/wix-perf-measure/1.234.0/wix-perf-measure.bundle.min.js]
[static.parastorage.com/services/wix-thunderbolt/dist/activePopup.a30ddc49.chunk.min.js]
[static.parastorage.com/services/wix-thunderbolt/dist/dropdownMenu.16371d34.chunk.min.js]
[static.parastorage.com/services/wix-thunderbolt/dist/loginSocialBar.509c4675.chunk.min.js]
[static.parastorage.com/services/wix-thunderbolt/dist/navigation.661d231d.chunk.min.js]
[static.parastorage.com/services/wix-thunderbolt/dist/ooiTpaSharedConfig.31a94ee8.chunk.min.js]
[static.parastorage.com/services/wix-thunderbolt/dist/pageScroll.07902038.chunk.min.js]
[static.parastorage.com/services/wix-thunderbolt/dist/platformPubsub.a4afe185.chunk.min.js]
[static.parastorage.com/services/wix-thunderbolt/dist/scrollRestoration.07179b0c.chunk.min.js]
[static.parastorage.com/services/wix-thunderbolt/dist/scrollToAnchor.5ddd0d4a.chunk.min.js]
[static.parastorage.com/services/wix-thunderbolt/dist/sosp.8eb88a1c.chunk.min.js]
[static.parastorage.com/services/wix-thunderbolt/dist/tpa.7252e2fc.chunk.min.js]
[static.parastorage.com/services/wix-thunderbolt/dist/verticalMenu.8e85a76d.chunk.min.js]
[static.parastorage.com/services/wix-thunderbolt/dist/windowScroll.18f715a6.chunk.min.js]
[static.parastorage.com/services/wix-thunderbolt/dist/backgroundScrub.ec09d3ea.chunk.min.js]
[static.parastorage.com/services/wix-thunderbolt/dist/landingPage.79c7e680.chunk.min.js]
[static.parastorage.com/services/wix-thunderbolt/dist/onloadCompsBehaviors.b67d76f9.chunk.min.js]
[static.parastorage.com/services/wix-thunderbolt/dist/reducedMotion.b8a2ac98.chunk.min.js]
[static.parastorage.com/services/wix-thunderbolt/dist/screenIn.51f6deee.chunk.min.js]
[static.parastorage.com/services/editor-elements/dist/bootstrap-components.0ccd72a3.chunk.min.js]
[static.parastorage.com/services/editor-elements/dist/vendors_SlideShowContainer_SlideShowGallery_SlideShowGalleryLiftedShadowSkin_SlideShowGallery_SlideS_cafcd5a7.a02875c1.chunk.min.js]
[static.parastorage.com/services/editor-elements/dist/SlideShowContainer.e7c883e4.chunk.min.js]
[static.parastorage.com/services/editor-elements/dist/SlideShowSlide.3115b256.chunk.min.js]
[static.parastorage.com/services/editor-elements/dist/ImageButton.d76fdc73.chunk.min.js]
[static.parastorage.com/services/editor-elements/dist/Container_DefaultAreaSkin.77be59f9.chunk.min.js]
[static.parastorage.com/services/editor-elements/dist/VerticalMenu_VerticalMenuSolidColorSkin.455efe6e.chunk.min.js]
[static.parastorage.com/services/editor-elements/dist/LoginSocialBar.b186e4c0.chunk.min.js]
[static.parastorage.com/services/editor-elements/dist/DropDownMenu_TextOnlyMenuButtonSkin.a7b0fda2.chunk.min.js]
[static.parastorage.com/services/editor-elements/dist/MeshGroup.46f3b93f.chunk.min.js]
[static.parastorage.com/services/editor-elements/dist/PinnedLayer.46ac3c2b.chunk.min.js]
[static.parastorage.com/services/editor-elements/dist/FreemiumBannerDesktop.deeceaaf.chunk.min.js]
[static.parastorage.com/services/wix-thunderbolt/dist/tpa-components.776254a3.chunk.min.js]
[nike747459.wixsite.com/mydiary/contact.html]
[nike747459.wixsite.com/mydiary/projects.html]
[nike747459.wixsite.com/mydiary.html]
[nike747459.wixsite.com/mydiary/decodeURIComponent(e.html]
[nike747459.wixsite.com/mydiary/_api/santa-members-server.html]
[nike747459.wixsite.com/mydiary/_api/wix-code-public-dispatcher/routers/data-binding.html]
[nike747459.wixsite.com/mydiary/항아리-board.html]
[nike747459.wixsite.com/mydiary/$Version=1;-$Path=/;-SameSite=none;-$Path=]
[nike747459.wixsite.com/mydiary/$Version=1; $Path=/; SameSite=none; $Path=/index.html]
[nike747459.wixsite.com/index.html]
[nike747459.wixsite.com/mydiary/wix-thunderbolt/dist/index.html]
[nike747459.wixsite.com/mydiary/robots.html]
[nike747459.wixsite.com/mydiary/feed.html]
[nike747459.wixsite.com/mydiary/$&/index.html]
[nike747459.wixsite.com/_partials/index.html]
[nike747459.wixsite.com/mydiary/blog.html]
[static.parastorage.com/services/wix-thunderbolt/dist/clientWorker.f7c7c3aa.bundle.min.js]
[static.parastorage.com/services/wix-thunderbolt/dist/bootstrap-features.4f7a15a3.chunk.min.js]
[static.parastorage.com/services/wix-thunderbolt/dist/main.050b4c0c.chunk.min.js]
[static.parastorage.com/services/wix-thunderbolt/dist/dynamicPages.4c12f6ec.chunk.min.js]
[static.parastorage.com/services/wix-thunderbolt/dist/wix-code-sdk-providers.174dd50c.chunk.min.js]
[static.parastorage.com/services/wix-thunderbolt/dist/protectedPages.5eb5b88d.chunk.min.js]
[static.parastorage.com/services/wix-thunderbolt/dist/siteMembers.176e132c.chunk.min.js]
[static.parastorage.com/services/wix-thunderbolt/dist/siteScrollBlocker.4badb595.chunk.min.js]
[static.parastorage.com/services/wix-thunderbolt/dist/tpaCommons.0bd895d6.chunk.min.js]
[static.parastorage.com/services/wix-thunderbolt/dist/tpaWorkerFeature.6b1c7d94.chunk.min.js]
[static.parastorage.com/services/wix-thunderbolt/dist/windowMessageRegistrar.5b916160.chunk.min.js]
[static.parastorage.com/services/wix-thunderbolt/dist/platform.8d6b09f9.chunk.min.js]
[static.parastorage.com/services/wix-thunderbolt/dist/vendor-react-dom.76f44a27.chunk.min.js]
[static.parastorage.com/services/wix-thunderbolt/dist/activePopup.41dc6a3b.chunk.min.js]
[static.parastorage.com/services/wix-thunderbolt/dist/dropdownMenu.0c533f9a.chunk.min.js]
[static.parastorage.com/services/wix-thunderbolt/dist/loginSocialBar.023c3477.chunk.min.js]
[static.parastorage.com/services/wix-thunderbolt/dist/navigation.2bee42c6.chunk.min.js]
[static.parastorage.com/services/wix-thunderbolt/dist/ooiTpaSharedConfig.7f24cccb.chunk.min.js]
[static.parastorage.com/services/wix-thunderbolt/dist/pageScroll.b2bcd44c.chunk.min.js]
[static.parastorage.com/services/wix-thunderbolt/dist/platformPubsub.a7fa8d32.chunk.min.js]
[static.parastorage.com/services/wix-thunderbolt/dist/scrollRestoration.1860b16d.chunk.min.js]
[static.parastorage.com/services/wix-thunderbolt/dist/scrollToAnchor.87ebc2be.chunk.min.js]
[static.parastorage.com/services/wix-thunderbolt/dist/sosp.ee1282f9.chunk.min.js]
[static.parastorage.com/services/wix-thunderbolt/dist/tpa.040299d1.chunk.min.js]
[static.parastorage.com/services/wix-thunderbolt/dist/verticalMenu.4eebb378.chunk.min.js]
[static.parastorage.com/services/wix-thunderbolt/dist/windowScroll.bcfdb1cf.chunk.min.js]
[static.parastorage.com/services/wix-thunderbolt/dist/landingPage.398cc847.chunk.min.js]
[static.parastorage.com/services/wix-thunderbolt/dist/onloadCompsBehaviors.74d4d9d1.chunk.min.js]
[static.parastorage.com/services/wix-thunderbolt/dist/screenIn.fe86332e.chunk.min.js]
[static.parastorage.com/services/editor-elements/dist/AppWidget.8a6d6340.chunk.min.js]
[static.parastorage.com/services/editor-elements/dist/FormContainerSkin.3c5ab5a1.chunk.min.js]
[static.parastorage.com/services/editor-elements/dist/common-site-members-dialogs.5154bcdf.chunk.min.js]
[static.parastorage.com/services/editor-elements/dist/TextInput.1aff942e.chunk.min.js]
[static.parastorage.com/services/editor-elements/dist/TextAreaInput.5c343723.chunk.min.js]
[static.parastorage.com/services/wix-thunderbolt/dist/tpa-components.1b17aa73.chunk.min.js]
[nike747459.wixsite.com/mydiary/contact.html]
[nike747459.wixsite.com/mydiary/projects.html]
[nike747459.wixsite.com/mydiary/POST.83.delayed]
[browser.sentry-cdn.com/4.6.2/bundle.min.js]
[static.parastorage.com/unpkg/whatwg-fetch@3.0.0/dist/fetch.umd.js]
[static.parastorage.com/services/wix-bolt/1.6640.0/bolt-main/app/bolt-custom-elements.min.js]
[static.parastorage.com/unpkg/requirejs-bolt@2.3.6/requirejs.min.js]
[static.wixstatic.com/media/0da768_0c5ce9e2ffa442bea0b79b690223a939_mv2.png]
[nike747459.wixsite.com/mydiary/항아리-board.html]
[nike747459.wixsite.com/_partials/wix-bolt/1.6640.0/node_modules/viewer-platform-worker/dist/wixcode-worker.js]
[static.parastorage.com/services/editor-elements/dist/componentSdks.fa0d859d.bundle.min.js]
[static.parastorage.com/services/editor-elements/1.2446.0/componentSSRSdks.bundle.js]
[static.parastorage.com/services/editor-elements/dist/thunderboltElements.3488e3ca.bundle.min.js]
[static.parastorage.com/services/wix-thunderbolt/dist/ooi.6cb60560.chunk.min.js]
[static.parastorage.com/services/editor-elements/dist/bootstrap-components.be6d59fc.chunk.min.js]
[static.parastorage.com/services/editor-elements/dist/LoginSocialBar.104348f1.chunk.min.js]
[nike747459.wixsite.com/mydiary/blog.html]
[nike747459.wixsite.com/mydiary/$Version=1;-$Path=/;-SameSite=none;-$Path=.html]
[static.parastorage.com/services/communities-blog-viewer-app/1.883.0/next/feed-page-viewer.min.css]
[nike747459.wixsite.com/mydiary/;-$Path=/;-XSRF-TOKEN=1600755691_z90WYBP3c6Bq;-$Path=/;-hs=1533083887;-$Path=/;-$Path=/;-SameSite=none;-$Path=.91.delayed]
[nike747459.wixsite.com/mydiary/; $Path=/; XSRF-TOKEN=1600755691_z90WYBP3c6Bq; $Path=/; hs=1533083887; $Path=/; $Path=/; SameSite=none; $Path=/index.html]
[nike747459.wixsite.com/mydiary/blog/index.html]
[nike747459.wixsite.com/mydiary/;-$Path=/;-$Path=/;-SameSite=none;-$Path=]
[nike747459.wixsite.com/mydiary/; $Path=/; $Path=/; SameSite=none; $Path=/index.html]
[nike747459.wixsite.com/mydiary/POST.html]
[nike747459.wixsite.com/mydiary/;-$Path=/;-hs=1533083887;-$Path=/;-$Path=/;-SameSite=none;-$Path=]
[nike747459.wixsite.com/mydiary/; $Path=/; hs=1533083887; $Path=/; $Path=/; SameSite=none; $Path=/index.html]
[static.parastorage.com/services/communities-blog-viewer-app/1.883.0/next/feed-page-viewer.min.css]
[nike747459.wixsite.com/mydiary/blog/index.html]
[nike747459.wixsite.com/mydiary/;-$Path=/;-XSRF-TOKEN=1600755691_z90WYBP3c6Bq;-$Path=/;-hs=1533083887;-$Path=/;-$Path=/;-SameSite=none;-$Path=.html]
[nike747459.wixsite.com/mydiary/;-$Path=/;-$Path=/;-SameSite=none;-$Path=.html]
[nike747459.wixsite.com/mydiary/;-$Path=/;-hs=1533083887;-$Path=/;-$Path=/;-SameSite=none;-$Path=.html]
