[nike747459.wixsite.com/mydiary.html]
[backblue.gif]
[fade.gif]
[index.html]
[nike747459.wixsite.com/sitemap.xml]
[nike747459.wixsite.com/feed.xml]
[nike747459.wixsite.com/POST]
[nike747459.wixsite.com/index.html]
[browser.sentry-cdn.com/4.6.2/bundle.min.js]
[static.parastorage.com/unpkg/core-js-bundle@3.2.1/minified.js]
[static.parastorage.com/unpkg/whatwg-fetch@3.0.0/dist/fetch.umd.js]
[static.parastorage.com/services/wix-bolt/1.6646.0/bolt-main/app/bolt-custom-elements.min.js]
[static.parastorage.com/unpkg/requirejs-bolt@2.3.6/requirejs.min.js]
[static.parastorage.com/services/wix-perf-measure/1.237.0/wix-perf-measure.bundle.min.js]
[nike747459.wixsite.com/_partials/wix-bolt/1.6646.0/node_modules/viewer-platform-worker/dist/wixcode-worker.js]
[static.parastorage.com/services/tag-manager-client/1.126.0/siteTags.bundle.min.js]
[static.parastorage.com/services/skins/2.1229.80/images/wysiwyg/core/themes/base/cursor_zoom_out.png]
[static.parastorage.com/services/skins/2.1229.80/images/wysiwyg/core/themes/base/cursor_zoom_in.png]
[nike747459.wixsite.com/mydiary/mypage.html]
[nike747459.wixsite.com/mydiary/plan-2.html]
[static.wixstatic.com/media/11062b_e5ddec8114ee4169a971326f54144f2c_mv2.jpg/v1/fill/w_245,h_140,al_c,q_80,usm_0.66_1.00_0.01,blur_2/11062b_e5ddec8114ee4169a971326f54144f2c_mv2.jpg]
[static.wixstatic.com/media/035244_bb9dbbd5e7b84997824cba88813ecd1c_mv2.png/v1/fill/w_40,h_40,al_c,usm_0.66_1.00_0.01,blur_3/035244_bb9dbbd5e7b84997824cba88813ecd1c_mv2.png]
[nike747459.wixsite.com/mydiary/page.html]
[static.wixstatic.com/media/035244_5282c9e96b3c40718d26f003a02ad2c5_mv2.png/v1/fill/w_40,h_40,al_c,usm_0.66_1.00_0.01,blur_3/035244_5282c9e96b3c40718d26f003a02ad2c5_mv2.png]
[static.wixstatic.com/media/655045d91d3c43a8b199a8e210bdaf0f.jpg/v1/fill/w_195,h_126,al_c,q_80,usm_0.66_1.00_0.01,blur_2/655045d91d3c43a8b199a8e210bdaf0f.jpg]
[static.wixstatic.com/media/84770f_646398c25afd456eb2e943d293e378b9_mv2.png/v1/fill/w_40,h_35,al_c,usm_0.66_1.00_0.01,blur_3/84770f_646398c25afd456eb2e943d293e378b9_mv2.png]
[static.wixstatic.com/media/11062b_fc931fb495f6434a969b57747226dbaef000.jpg/v1/fill/w_157,h_89,al_c,q_80,usm_0.33_1.00_0.00,blur_2/11062b_fc931fb495f6434a969b57747226dbaef000.jpg]
[nike747459.wixsite.com/mydiary/blog.html]
[static.wixstatic.com/media/0da768_0c5ce9e2ffa442bea0b79b690223a939_mv2.png]
[nike747459.wixsite.com/11062b_fc931fb495f6434a969b57747226dbaef001.jpg]
[nike747459.wixsite.com/11062b_fc931fb495f6434a969b57747226dbaef002.jpg]
[nike747459.wixsite.com/mydiary.html]
[nike747459.wixsite.com/sitemap.html]
[nike747459.wixsite.com/feed.html]
[nike747459.wixsite.com/index.html]
[nike747459.wixsite.com/POST.html]
[nike747459.wixsite.com/mydiary/robots.txt]
[nike747459.wixsite.com/mydiary/sitemap.xml]
[nike747459.wixsite.com/mydiary/feed.xml]
[nike747459.wixsite.com/mydiary/POST]
[nike747459.wixsite.com/mydiary/profile/{userName}/profile.html]
[nike747459.wixsite.com/mydiary/profile/{userName}/blog-posts.html]
[nike747459.wixsite.com/mydiary/profile/{userName}/blog-comments.html]
[nike747459.wixsite.com/mydiary/account/my-drafts.html]
[nike747459.wixsite.com/mydiary/account/my-drafts-1.html]
[nike747459.wixsite.com/mydiary/profile/{userName}/blog-likes.html]
[nike747459.wixsite.com/mydiary/account/my-account.html]
[nike747459.wixsite.com/mydiary/mypage.html]
[nike747459.wixsite.com/mydiary/plan-2.html]
[nike747459.wixsite.com/mydiary/account/notifications.html]
[nike747459.wixsite.com/mydiary/account/settings.html]
[static.parastorage.com/services/communities-blog-viewer-app/1.883.0/next/feed-page-viewer.min.css]
[nike747459.wixsite.com/mydiary/profile/27c33c94-d8a7-408e-8d02-f4e53eb9620a.html]
[static.wixstatic.com/media/7da97df5ccd44411a2567567be55a5df.jpg/v1/fill/w_454,h_333,fp_0.50_0.50,q_90/7da97df5ccd44411a2567567be55a5df.jpg]
[nike747459.wixsite.com/mydiary/blog/index.html]
[static.wixstatic.com/media/39699f98d24d44cdabb86a1b8cfef1c0.jpg/v1/fill/w_454,h_333,fp_0.50_0.50,q_90/39699f98d24d44cdabb86a1b8cfef1c0.jpg]
[nike747459.wixsite.com/mydiary/blog.html]
[nike747459.wixsite.com/mydiary/page.html]
[static.wixstatic.com/media/0da768_361994b0f154464682a0aaf9724471cc.png/v1/crop/x_0,y_0,w_56,h_56/0da768_361994b0f154464682a0aaf9724471cc.png]
[nike747459.wixsite.com/11062b_fc931fb495f6434a969b57747226dbaef001.html]
[nike747459.wixsite.com/11062b_fc931fb495f6434a969b57747226dbaef002.html]
[nike747459.wixsite.com/mydiary/robots.html]
[nike747459.wixsite.com/mydiary/feed.html]
[nike747459.wixsite.com/mydiary/POST.html]
[nike747459.wixsite.com/mydiary/post/여행가고-싶다.html]
[nike747459.wixsite.com/mydiary/post/오늘의-일기.html]
[nike747459.wixsite.com/mydiary/profile/{userName}/robots.html]
[nike747459.wixsite.com/mydiary/profile/{userName}/sitemap.xml]
[nike747459.wixsite.com/mydiary/profile/{userName}/feed.xml]
[nike747459.wixsite.com/mydiary/profile/{userName}/POST.html]
[static.wixstatic.com/media/035244_516142e5fd21466aaf92b39e0883e66f_mv2.png/v1/crop/x_26,y_16,w_346,h_239/fill/w_203,h_140,al_c,usm_0.66_1.00_0.01,blur_2/035244_516142e5fd21466aaf92b39e0883e66f_mv2.png]
[nike747459.wixsite.com/mydiary/profile/{userName}/profile.html]
[nike747459.wixsite.com/mydiary/profile/{userName}/profile-2.html]
[nike747459.wixsite.com/mydiary/account/robots.html]
[nike747459.wixsite.com/mydiary/account/sitemap.xml]
[nike747459.wixsite.com/mydiary/account/feed.xml]
[nike747459.wixsite.com/mydiary/account/POST.html]
[static.wixstatic.com/media/035244_16f5e2c6277141a6a6e85cdde7b8e53a_mv2.png/v1/crop/x_27,y_21,w_346,h_239/fill/w_203,h_140,al_c,usm_0.66_1.00_0.01,blur_2/035244_16f5e2c6277141a6a6e85cdde7b8e53a_mv2.png]
[nike747459.wixsite.com/mydiary/account/my-drafts.html]
[nike747459.wixsite.com/mydiary/profile/{userName}/blog-posts.html]
[nike747459.wixsite.com/mydiary/profile/{userName}/blog-posts-2.html]
[nike747459.wixsite.com/mydiary/profile/{userName}/blog-comments.html]
[nike747459.wixsite.com/mydiary/profile/{userName}/blog-comments-2.html]
[nike747459.wixsite.com/mydiary/profile/{userName}/blog-likes.html]
[nike747459.wixsite.com/mydiary/account/my-drafts-1.html]
[nike747459.wixsite.com/mydiary/account/my-account.html]
[nike747459.wixsite.com/mydiary/account/notifications.html]
[nike747459.wixsite.com/mydiary/account/settings.html]
[static.parastorage.com/services/communities-blog-viewer-app/1.883.0/next/feed-page-viewer.min.css]
[nike747459.wixsite.com/mydiary/profile/{userName}/blog-likes-2.html]
[nike747459.wixsite.com/mydiary/blog/sitemap.xml]
[nike747459.wixsite.com/mydiary/blog/feed.xml]
[nike747459.wixsite.com/mydiary/blog/robots.html]
[nike747459.wixsite.com/mydiary/blog/index.html]
[nike747459.wixsite.com/mydiary/blog/POST.html]
[nike747459.wixsite.com/mydiary/profile/robots.html]
[nike747459.wixsite.com/mydiary/profile/sitemap.xml]
[nike747459.wixsite.com/mydiary/profile/feed.xml]
[nike747459.wixsite.com/mydiary/profile/POST.html]
[nike747459.wixsite.com/mydiary/profile/27c33c94-d8a7-408e-8d02-f4e53eb9620a.html]
[nike747459.wixsite.com/mydiary/profile/27c33c94-d8a7-408e-8d02-f4e53eb9620a/profile.html]
[nike747459.wixsite.com/mydiary/post/robots.html]
[nike747459.wixsite.com/mydiary/post/sitemap.xml]
[nike747459.wixsite.com/mydiary/post/feed.xml]
[static.parastorage.com/services/communities-blog-viewer-app/1.883.0/next/post-page-viewer.min.css]
[static.wixstatic.com/media/7da97df5ccd44411a2567567be55a5df.jpg/v1/fit/w_300,h_300,al_c,q_5/file.jpg]
[nike747459.wixsite.com/mydiary/post/여행가고-싶다.html]
[nike747459.wixsite.com/mydiary/post/POST.html]
[static.wixstatic.com/media/39699f98d24d44cdabb86a1b8cfef1c0.jpg/v1/fit/w_300,h_300,al_c,q_5/file.jpg]
[nike747459.wixsite.com/mydiary/post/오늘의-일기.html]
[nike747459.wixsite.com/mydiary/profile/{userName}/robots.html]
[nike747459.wixsite.com/mydiary/profile/{userName}/feed.html]
[nike747459.wixsite.com/mydiary/profile/{userName}/robots-2.html]
[nike747459.wixsite.com/mydiary/profile/{userName}/POST.html]
[nike747459.wixsite.com/mydiary/profile/{userName}/sitemap-2.xml]
[nike747459.wixsite.com/mydiary/profile/{userName}/POST-2.html]
[nike747459.wixsite.com/mydiary/profile/{userName}/feed.xml]
[nike747459.wixsite.com/mydiary/profile/{userName}/profile-2.html]
[nike747459.wixsite.com/mydiary/account/robots.html]
[nike747459.wixsite.com/mydiary/account/feed.html]
[nike747459.wixsite.com/mydiary/account/POST.html]
[nike747459.wixsite.com/mydiary/profile/{userName}/blog-posts-2.html]
[nike747459.wixsite.com/mydiary/profile/{userName}/blog-comments-2.html]
[nike747459.wixsite.com/mydiary/profile/{userName}/blog-likes-2.html]
[nike747459.wixsite.com/mydiary/blog/robots.html]
[nike747459.wixsite.com/mydiary/blog/feed.html]
[nike747459.wixsite.com/mydiary/blog/POST.html]
[nike747459.wixsite.com/mydiary/profile/robots.html]
[nike747459.wixsite.com/mydiary/profile/feed.html]
[nike747459.wixsite.com/mydiary/profile/POST.html]
[nike747459.wixsite.com/mydiary/profile/robots.txt/profile.html]
[nike747459.wixsite.com/mydiary/profile/POST/profile.html]
[nike747459.wixsite.com/mydiary/profile/27c33c94-d8a7-408e-8d02-f4e53eb9620a/robots.html]
[nike747459.wixsite.com/mydiary/profile/27c33c94-d8a7-408e-8d02-f4e53eb9620a/sitemap.xml]
[nike747459.wixsite.com/mydiary/profile/27c33c94-d8a7-408e-8d02-f4e53eb9620a/feed.xml]
[nike747459.wixsite.com/mydiary/profile/27c33c94-d8a7-408e-8d02-f4e53eb9620a/profile.html]
[nike747459.wixsite.com/mydiary/post/robots.html]
[nike747459.wixsite.com/mydiary/post/feed.html]
[nike747459.wixsite.com/mydiary/post/POST.html]
[static.parastorage.com/services/communities-blog-viewer-app/1.883.0/next/post-page-viewer.min.css]
[nike747459.wixsite.com/mydiary/profile/{userName}/robots-2.html]
[nike747459.wixsite.com/mydiary/profile/{userName}/POST-2.html]
[nike747459.wixsite.com/mydiary/profile/{userName}/feed-2.html]
[nike747459.wixsite.com/mydiary/profile/27c33c94-d8a7-408e-8d02-f4e53eb9620a/POST.html]
[nike747459.wixsite.com/mydiary/profile/robots.txt/sitemap.xml]
[nike747459.wixsite.com/mydiary/profile/robots.txt/robots.html]
[nike747459.wixsite.com/mydiary/profile/robots.txt/feed.xml]
[nike747459.wixsite.com/mydiary/profile/robots.txt/profile.html]
[nike747459.wixsite.com/mydiary/profile/robots.txt/POST.html]
[nike747459.wixsite.com/mydiary/profile/POST/robots.html]
[nike747459.wixsite.com/mydiary/profile/POST/sitemap.xml]
[nike747459.wixsite.com/mydiary/profile/POST/feed.xml]
[nike747459.wixsite.com/mydiary/profile/POST/profile.html]
[nike747459.wixsite.com/mydiary/profile/27c33c94-d8a7-408e-8d02-f4e53eb9620a/robots.html]
[nike747459.wixsite.com/mydiary/profile/27c33c94-d8a7-408e-8d02-f4e53eb9620a/feed.html]
[nike747459.wixsite.com/mydiary/profile/27c33c94-d8a7-408e-8d02-f4e53eb9620a/POST.html]
[nike747459.wixsite.com/mydiary/profile/robots.txt/robots.html]
[nike747459.wixsite.com/mydiary/profile/robots.txt/feed.html]
[nike747459.wixsite.com/mydiary/profile/robots.txt/POST.html]
[nike747459.wixsite.com/mydiary/profile/POST/robots.html]
[nike747459.wixsite.com/mydiary/profile/POST/feed.html]
[nike747459.wixsite.com/mydiary/profile/POST/POST.html]
[nike747459.wixsite.com/mydiary/profile/POST/POST.html]
